In main.
Multiply by 1
Multiply by 2
Multiply by 3
Multiply by 4
Multiply by 5
Multiply by 6
Multiply by 7
Multiply by 8
Multiply by 9
Multiply by 10


Execution ended with value:
3628800