Execution ended with value:
1262855189995038385189177075878403768320000000000000000