Error: type hint for function `sayHello` has no associated definition.
During evaluation of: 
    sayHello :: String 
    
    Located at line 8 column 7 
    
Execution terminated with an error: type error.